Now processing: ahp
"Using chain *.A."
"set charge of N of residue 1 of cyclic peptide to 0"
"Formed N\xe2\x80\x93C bond to cyclize peptide."
Setting potential energy model to Born Solvation...Done.
Starting QuickPrep...Done.
Now processing: ilz
"Using chain *.A."
"set charge of N of residue 1 of cyclic peptide to 0"
"Formed N\xe2\x80\x93C bond to cyclize peptide."
Setting potential energy model to Born Solvation...Done.
Starting QuickPrep...Done.
Now processing: lez
"Using chain *.A."
"set charge of N of residue 1 of cyclic peptide to 0"
"Formed N\xe2\x80\x93C bond to cyclize peptide."
Setting potential energy model to Born Solvation...Done.
Starting QuickPrep...Done.
Now processing: mez
"Using chain *.A."
"set charge of N of residue 1 of cyclic peptide to 0"
"Formed N\xe2\x80\x93C bond to cyclize peptide."
Setting potential energy model to Born Solvation...Done.
Starting QuickPrep...Done.
Now processing: parent
"Using chain *.A."
"set charge of N of residue 1 of cyclic peptide to 0"
"Formed N\xe2\x80\x93C bond to cyclize peptide."
Setting potential energy model to Born Solvation...Done.
Starting QuickPrep...Done.
"Processing completed successfully!"
